<?xml version="1.0" encoding="utf-8"?><testsuites name="pytest tests"><testsuite name="pytest" errors="0" failures="0" skipped="0" tests="103" time="9.850" timestamp="2026-08-07T23:03:30.162701+05:30" hostname="boopathirajsMBP.lan"><testcase classname="tests.test_3tier_architecture" name="test_tier1_pure_python" time="0.016" /><testcase classname="tests.test_3tier_architecture" name="test_tier2_hybrid_rust_db" time="0.003" /><testcase classname="tests.test_3tier_architecture" name="test_tier2_hybrid_rust_template" time="0.015" /><testcase classname="tests.test_3tier_architecture" name="test_tier2_hybrid_rust_jwt" time="0.004" /><testcase classname="tests.test_3tier_architecture" name="test_tier3_native_rust_routes" time="0.006" /><testcase classname="tests.test_auth_and_authorization" name="test_authentication_and_authorization_full_suite" time="1.526" /><testcase classname="tests.test_basic" name="test_root_endpoint" time="0.007" /><testcase classname="tests.test_basic" name="test_sync_endpoint" time="0.012" /><testcase classname="tests.test_basic" name="test_async_endpoint" time="0.105" /><testcase classname="tests.test_basic" name="test_path_and_query_params" time="0.005" /><testcase classname="tests.test_basic" name="test_pydantic_validation" time="0.008" /><testcase classname="tests.test_basic" name="test_openapi_generation" time="0.003" /><testcase classname="tests.test_basic" name="test_docs_endpoint_serves_swagger_ui" time="0.003" /><testcase classname="tests.test_basic" name="test_not_found_error" time="0.003" /><testcase classname="tests.test_basic" name="test_mcp_initialize" time="0.003" /><testcase classname="tests.test_basic" name="test_mcp_tools_list" time="0.003" /><testcase classname="tests.test_basic" name="test_mcp_tools_call" time="0.003" /><testcase classname="tests.test_basic" name="test_mcp_tools_call_string_result" time="0.003" /><testcase classname="tests.test_basic" name="test_mcp_tools_call_unknown" time="0.067" /><testcase classname="tests.test_basic" name="test_mcp_resources_list_and_read" time="0.009" /><testcase classname="tests.test_basic" name="test_mcp_resources_read_unknown" time="0.003" /><testcase classname="tests.test_basic" name="test_mcp_prompts_list_and_get" time="0.008" /><testcase classname="tests.test_basic" name="test_mcp_ping" time="0.005" /><testcase classname="tests.test_basic" name="test_mcp_unknown_method" time="0.004" /><testcase classname="tests.test_basic" name="test_mcp_notification_no_response_body" time="0.006" /><testcase classname="tests.test_database_engine" name="test_native_database_execute_and_query" time="0.010" /><testcase classname="tests.test_database_engine" name="test_direct_db_methods" time="0.001" /><testcase classname="tests.test_deep_edge_cases" name="test_pydantic_validation_success" time="0.009" /><testcase classname="tests.test_deep_edge_cases" name="test_custom_exception_handler_registration" time="0.001" /><testcase classname="tests.test_deep_edge_cases" name="test_http_exception_interception" time="0.004" /><testcase classname="tests.test_deep_edge_cases" name="test_custom_json_response_headers_and_status" time="0.003" /><testcase classname="tests.test_deep_edge_cases" name="test_background_task_execution" time="0.209" /><testcase classname="tests.test_deep_edge_cases" name="test_argon2_password_hashing_security" time="0.098" /><testcase classname="tests.test_deep_edge_cases" name="test_jwt_encode_and_decode_claims" time="0.001" /><testcase classname="tests.test_deep_edge_cases" name="test_minijinja_template_rendering_engine" time="0.001" /><testcase classname="tests.test_fastapi_all_6_mismatches" name="test_1_apirouter_include_router" time="0.002" /><testcase classname="tests.test_fastapi_all_6_mismatches" name="test_2_fastapi_constructor_kwargs" time="0.001" /><testcase classname="tests.test_fastapi_all_6_mismatches" name="test_3_exception_handlers" time="0.002" /><testcase classname="tests.test_fastapi_all_6_mismatches" name="test_4_http_bearer_and_credentials" time="0.001" /><testcase classname="tests.test_fastapi_all_6_mismatches" name="test_5_dependency_resolver_with_request_and_nested_depends" time="0.001" /><testcase classname="tests.test_fastapi_all_6_mismatches" name="test_6_upload_file_sync_and_async_methods" time="0.001" /><testcase classname="tests.test_fastapi_all_6_mismatches" name="test_7_openapi_security_schemes_and_http_exception_status_codes" time="1.514" /><testcase classname="tests.test_fastapi_all_6_mismatches" name="test_8_async_generator_dependency_teardown" time="1.513" /><testcase classname="tests.test_fastapi_compatibility" name="test_fastapi_and_request_aliases" time="0.001" /><testcase classname="tests.test_fastapi_compatibility" name="test_status_codes" time="0.001" /><testcase classname="tests.test_fastapi_compatibility" name="test_openapi_docs_html_generation" time="0.001" /><testcase classname="tests.test_fastapi_compatibility" name="test_jsonable_encoder" time="0.002" /><testcase classname="tests.test_fastapi_compatibility" name="test_sse_helpers" time="0.001" /><testcase classname="tests.test_fastapi_compatibility" name="test_param_functions" time="0.001" /><testcase classname="tests.test_fastapi_compatibility" name="test_security_helpers" time="0.001" /><testcase classname="tests.test_fastapi_compatibility" name="test_websocket_exceptions" time="0.001" /><testcase classname="tests.test_fastapi_compatibility" name="test_frontend_app_serving" time="0.005" /><testcase classname="tests.test_fastapi_compatibility" name="test_app_and_router_advanced_fastapi_features" time="0.005" /><testcase classname="tests.test_fastapi_compatibility" name="test_user_router_tags_in_openapi_spec" time="0.309" /><testcase classname="tests.test_file_uploads_and_dx" name="test_single_file_upload" time="0.008" /><testcase classname="tests.test_file_uploads_and_dx" name="test_binary_image_upload" time="0.059" /><testcase classname="tests.test_file_uploads_and_dx" name="test_multiple_file_upload" time="0.003" /><testcase classname="tests.test_file_uploads_and_dx" name="test_custom_openapi_route" time="0.004" /><testcase classname="tests.test_file_uploads_and_dx" name="test_fastapi_form_and_file_parameter_binding" time="0.004" /><testcase classname="tests.test_file_uploads_and_dx" name="test_recent_uploads_flow" time="0.006" /><testcase classname="tests.test_file_uploads_and_dx" name="test_openapi_upload_and_multi_file_schemas" time="0.003" /><testcase classname="tests.test_framework_positioning" name="test_high_concurrency_requests" time="0.111" /><testcase classname="tests.test_framework_positioning" name="test_zero_copy_sqlite_json_streaming" time="0.004" /><testcase classname="tests.test_framework_positioning" name="test_authenticated_post_and_pydantic_filtering" time="0.004" /><testcase classname="tests.test_framework_positioning" name="test_unauthorized_post_returns_401" time="0.007" /><testcase classname="tests.test_framework_positioning" name="test_binary_file_upload_concurrency" time="0.037" /><testcase classname="tests.test_imports" name="test_public_package_exports_work" time="0.001" /><testcase classname="tests.test_imports" name="test_pyrustapi_alias_import_works" time="0.001" /><testcase classname="tests.test_imports" name="test_repo_root_import_prefers_workspace_package" time="0.301" /><testcase classname="tests.test_native_routes" name="test_native_route_registration_and_execution" time="0.003" /><testcase classname="tests.test_openapi_full_parity" name="test_openapi_pydantic_request_and_response_schemas" time="0.004" /><testcase classname="tests.test_openapi_full_parity" name="test_openapi_nested_pydantic_models" time="0.004" /><testcase classname="tests.test_openapi_full_parity" name="test_openapi_http_validation_error_schemas" time="0.003" /><testcase classname="tests.test_openapi_full_parity" name="test_openapi_single_and_multi_upload_file_schemas" time="0.003" /><testcase classname="tests.test_openapi_full_parity" name="test_openapi_parameter_defaults_and_security_filtering" time="0.005" /><testcase classname="tests.test_openapi_full_parity" name="test_openapi_multiple_security_schemes" time="0.003" /><testcase classname="tests.test_openapi_full_parity" name="test_openapi_path_parameter_types" time="0.003" /><testcase classname="tests.test_openapi_full_parity" name="test_openapi_custom_responses_and_metadata" time="0.003" /><testcase classname="tests.test_openapi_full_parity" name="test_openapi_nested_apirouters" time="0.003" /><testcase classname="tests.test_openapi_full_parity" name="test_openapi_app_metadata_customization" time="0.003" /><testcase classname="tests.test_openapi_full_parity" name="test_standalone_get_openapi_utility" time="0.001" /><testcase classname="tests.test_overrides_and_coercion" name="test_dependency_overrides" time="0.011" /><testcase classname="tests.test_overrides_and_coercion" name="test_strict_type_coercion_valid_int" time="0.005" /><testcase classname="tests.test_overrides_and_coercion" name="test_strict_type_coercion_invalid_int_returns_422" time="0.005" /><testcase classname="tests.test_overrides_and_coercion" name="test_missing_required_query_param_returns_422" time="0.007" /><testcase classname="tests.test_python_ecosystem_compatibility" name="test_python_ecosystem_compatibility" time="0.542" /><testcase classname="tests.test_reload_and_logging" name="test_reload_mode_spawns_server_and_outputs_logs" time="0.910" /><testcase classname="tests.test_response_model" name="test_single_response_model_filters_private_fields" time="0.020" /><testcase classname="tests.test_response_model" name="test_list_response_model_filters_items" time="0.012" /><testcase classname="tests.test_responses_and_req_json" name="test_html_response" time="0.008" /><testcase classname="tests.test_responses_and_req_json" name="test_plain_text_response" time="0.003" /><testcase classname="tests.test_responses_and_req_json" name="test_json_response" time="0.003" /><testcase classname="tests.test_responses_and_req_json" name="test_redirect_response" time="0.005" /><testcase classname="tests.test_responses_and_req_json" name="test_req_json_parsing" time="0.053" /><testcase classname="tests.test_rust_power_modules" name="test_jwt_encode_and_decode" time="0.005" /><testcase classname="tests.test_rust_power_modules" name="test_jwt_decode_invalid_secret_raises_value_error" time="0.001" /><testcase classname="tests.test_rust_power_modules" name="test_argon2_password_hashing_and_verification" time="0.092" /><testcase classname="tests.test_rust_power_modules" name="test_minijinja_template_rendering" time="0.001" /><testcase classname="tests.test_rust_power_modules" name="test_integrated_http_auth_route" time="0.042" /><testcase classname="tests.test_security_openapi_parity" name="test_security_imports" time="0.001" /><testcase classname="tests.test_security_openapi_parity" name="test_openapi_imports" time="0.001" /><testcase classname="tests.test_swagger_ui_security" name="test_swagger_ui_and_openapi_security_top_lock_button" time="1.512" /><testcase classname="tests.test_swagger_ui_security" name="test_python_get_openapi_security_generation" time="0.001" /></testsuite></testsuites>